INVALID COMMAND: INPUT
INVALID COMMAND: INPUT
INVALID COMMAND: NEW
INVALID COMMAND: NEW
INVALID COMMAND: NEW
INVALID COMMAND: NEW
INVALID COMMAND: NEW
