INVALID COMMAND: INSERT
INVALID COMMAND: INSERT
INVALID COMMAND: INSERT
INVALID COMMAND: INSERT
INVALID COMMAND: INSERT
INVALID COMMAND: INPUT
