INVALID COMMAND: VIEW-NESTED
INVALID COMMAND: VIEW
INVALID COMMAND: VIEW-NESTED
INVALID COMMAND: VIEW-NESTED
