INVALID COMMAND: REMOVE
INVALID COMMAND: REMOVE
INVALID COMMAND: REMOVE
INVALID COMMAND: INPUT
INVALID COMMAND: REMOVE
