INVALID COMMAND: VIEW
INVALID COMMAND: VIEW
INVALID COMMAND: VIEW
INVALID COMMAND: INPUT
INVALID COMMAND: INPUT
INVALID COMMAND: VIEW
