INVALID COMMAND: DELETE
INVALID COMMAND: DELETE
INVALID COMMAND: DELETE
INVALID COMMAND: INPUT
