INVALID COMMAND: TYPE
INVALID COMMAND: INPUT
INVALID COMMAND: TYPE
INVALID COMMAND: TYPE
