List 0: 1.23 -> 0.12 -> 0.01 -> 0.00 -> 0.00
1.23 -> 0.12 -> 0.01 -> 0.00 -> 0.00
float -> float -> float -> float -> float
List 1: many -> spaces             -> end -> VIEW 1
Number of lists: 2
List 0
List 1
