List 0: 1
List 1: 2
List 2: 3
List 3: 4
List 4: 5
List 5: 6
List 6: 7
List 7: 8
List 8: 9
List 9: 10
List 10: 11
List 11: 12
List 12: 13
List 13: 14
List 14: 15
List 15: 16
List 16: 17
List 17: 18
List 18: 19
List 19: 20
List 0: 
List 1: 
List 2: 
List 3: 
List 4: 
List 5: 
List 6: 
List 7: 
List 8: 
List 9: 
List 10: 
List 11: 
List 12: 
List 13: 
List 14: 
List 15: 
List 16: 
List 17: 
List 18: 
List 19: 
INVALID COMMAND: DELETE
INVALID COMMAND: DELETE
INVALID COMMAND: DELETE
INVALID COMMAND: DELETE
INVALID COMMAND: DELETE
INVALID COMMAND: DELETE
INVALID COMMAND: DELETE
INVALID COMMAND: DELETE
INVALID COMMAND: DELETE
INVALID COMMAND: DELETE
INVALID COMMAND: DELETE
INVALID COMMAND: DELETE
INVALID COMMAND: DELETE
INVALID COMMAND: DELETE
INVALID COMMAND: DELETE
INVALID COMMAND: DELETE
INVALID COMMAND: DELETE
INVALID COMMAND: DELETE
INVALID COMMAND: DELETE
INVALID COMMAND: DELETE
List 0 has been removed.

Number of lists: 19
List 1
List 2
List 3
List 4
List 5
List 6
List 7
List 8
List 9
List 10
List 11
List 12
List 13
List 14
List 15
List 16
List 17
List 18
List 19
List 1 has been removed.

Number of lists: 18
List 2
List 3
List 4
List 5
List 6
List 7
List 8
List 9
List 10
List 11
List 12
List 13
List 14
List 15
List 16
List 17
List 18
List 19
List 2 has been removed.

Number of lists: 17
List 3
List 4
List 5
List 6
List 7
List 8
List 9
List 10
List 11
List 12
List 13
List 14
List 15
List 16
List 17
List 18
List 19
List 3 has been removed.

Number of lists: 16
List 4
List 5
List 6
List 7
List 8
List 9
List 10
List 11
List 12
List 13
List 14
List 15
List 16
List 17
List 18
List 19
List 4 has been removed.

Number of lists: 15
List 5
List 6
List 7
List 8
List 9
List 10
List 11
List 12
List 13
List 14
List 15
List 16
List 17
List 18
List 19
List 5 has been removed.

Number of lists: 14
List 6
List 7
List 8
List 9
List 10
List 11
List 12
List 13
List 14
List 15
List 16
List 17
List 18
List 19
List 6 has been removed.

Number of lists: 13
List 7
List 8
List 9
List 10
List 11
List 12
List 13
List 14
List 15
List 16
List 17
List 18
List 19
List 7 has been removed.

Number of lists: 12
List 8
List 9
List 10
List 11
List 12
List 13
List 14
List 15
List 16
List 17
List 18
List 19
List 8 has been removed.

Number of lists: 11
List 9
List 10
List 11
List 12
List 13
List 14
List 15
List 16
List 17
List 18
List 19
List 9 has been removed.

Number of lists: 10
List 10
List 11
List 12
List 13
List 14
List 15
List 16
List 17
List 18
List 19
List 10 has been removed.

Number of lists: 9
List 11
List 12
List 13
List 14
List 15
List 16
List 17
List 18
List 19
List 11 has been removed.

Number of lists: 8
List 12
List 13
List 14
List 15
List 16
List 17
List 18
List 19
List 12 has been removed.

Number of lists: 7
List 13
List 14
List 15
List 16
List 17
List 18
List 19
List 13 has been removed.

Number of lists: 6
List 14
List 15
List 16
List 17
List 18
List 19
List 14 has been removed.

Number of lists: 5
List 15
List 16
List 17
List 18
List 19
List 15 has been removed.

Number of lists: 4
List 16
List 17
List 18
List 19
List 16 has been removed.

Number of lists: 3
List 17
List 18
List 19
List 17 has been removed.

Number of lists: 2
List 18
List 19
List 18 has been removed.

Number of lists: 1
List 19
List 19 has been removed.

Number of lists: 0
INVALID COMMAND: INSERT
INVALID COMMAND: INSERT
INVALID COMMAND: INSERT
INVALID COMMAND: INSERT
INVALID COMMAND: INSERT
INVALID COMMAND: INSERT
INVALID COMMAND: INSERT
INVALID COMMAND: INSERT
INVALID COMMAND: INSERT
INVALID COMMAND: INSERT
INVALID COMMAND: INSERT
INVALID COMMAND: INSERT
INVALID COMMAND: INSERT
INVALID COMMAND: INSERT
INVALID COMMAND: INSERT
INVALID COMMAND: INSERT
INVALID COMMAND: INSERT
INVALID COMMAND: INSERT
INVALID COMMAND: INSERT
INVALID COMMAND: INSERT
