List 0: 
List 0: tmp_inserted
List 0: 
INVALID COMMAND: DELETE
INVALID COMMAND: DELETE
INVALID COMMAND: DELETE
List 0 has been removed.

Number of lists: 0
INVALID COMMAND: INSERT
List 1: 1 -> 2 -> 3
Number of lists: 1
List 1
