List 0: 1 -> 2 -> 3 -> 4
Nested 1: Numbers -> {List 0} -> end
1 -> 2 -> 3 -> 4
int -> int -> int -> int
Numbers -> {List 0} -> end
string -> reference -> string
Number of lists: 2
List 0
Nested 1
1 -> 2 -> 3 -> 4
Numbers -> {1 -> 2 -> 3 -> 4} -> end
